../Core/Inc/code_base/homosep_master/../base/base_arena.h:24:1:arena_alloc	2
../Core/Inc/code_base/homosep_master/../base/base_arena.h:34:1:arena_release	1
../Core/Inc/code_base/homosep_master/../base/base_arena.h:40:1:arena_push	2
../Core/Inc/code_base/homosep_master/../base/base_arena.h:49:1:arena_pop_to	1
../Core/Inc/code_base/homosep_master/../base/base_arena.h:56:1:temp_begin	1
../Core/Inc/code_base/homosep_master/../base/base_arena.h:63:1:temp_end	1
../Core/Inc/code_base/homosep_master/../base/base_math.h:6:1:sdbm_checksum	2
../Core/Inc/code_base/homosep_master/../base/base_math.h:28:1:rng2f32	3
../Core/Inc/code_base/homosep_master/../base/base_math.h:35:1:clamp_rng2f32	3
../Core/Inc/code_base/homosep_master/../os/stm32/os_stm32_core.h:16:1:os_gpio_init	2
../Core/Inc/code_base/homosep_master/../os/stm32/os_stm32_core.h:24:1:os_gpio_write	1
../Core/Inc/code_base/homosep_master/../os/stm32/os_stm32_core.h:30:1:os_gpio_read	1
../Core/Inc/code_base/homosep_master/../os/stm32/os_stm32_core.h:116:1:os_timer_start	1
../Core/Inc/code_base/homosep_master/../os/stm32/os_stm32_core.h:158:1:os_timer_it_init	2
../Core/Inc/code_base/homosep_master/../os/stm32/os_stm32_core.h:179:1:os_timer_it_handle	1
../Core/Inc/code_base/homosep_master/../os/stm32/os_stm32_core.h:194:1:os_uart_init	2
../Core/Inc/code_base/homosep_master/../os/stm32/os_stm32_core.h:202:1:os_uart_send	1
../Core/Inc/code_base/homosep_master/../os/stm32/os_stm32_core.h:209:1:os_uart_receive	1
../Core/Inc/code_base/homosep_master/../os/stm32/os_stm32_core.h:222:1:os_uart_receive_to_idle_dma	1
../Core/Inc/code_base/homosep_master/../os/stm32/os_stm32_core.h:342:1:os_rtc_init	2
../Core/Inc/code_base/homosep_master/../os/stm32/os_stm32_core.h:349:1:os_rtc_set_time	1
../Core/Inc/code_base/homosep_master/../os/stm32/os_stm32_core.h:365:1:os_rtc_get_time	2
../Core/Inc/code_base/homosep_master/../os/stm32/os_stm32_core.h:381:1:os_rtc_set_date	5
../Core/Inc/code_base/homosep_master/../os/stm32/os_stm32_core.h:398:1:os_rtc_get_date	2
../Core/Inc/code_base/homosep_master/../os/stm32/os_stm32_core.h:448:1:os_rtc_backup_write	1
../Core/Inc/code_base/homosep_master/../os/stm32/os_stm32_core.h:456:1:os_rtc_backup_read	1
../Core/Inc/code_base/homosep_master/../os/stm32/os_stm32_core.h:464:1:os_rtc_clear_backup	1
../Core/Inc/code_base/homosep_master/../control_system/pid.h:46:1:pid_gains_init	1
../Core/Inc/code_base/homosep_master/../control_system/pid.h:57:1:pid_zn_gains_init	1
../Core/Inc/code_base/homosep_master/../control_system/pid.h:65:1:pid_update_gains	1
../Core/Inc/code_base/homosep_master/../control_system/pid.h:71:1:pid_init	1
../Core/Inc/code_base/homosep_master/../control_system/pid.h:84:1:pid_reset	1
../Core/Inc/code_base/homosep_master/homosep_master.c:43:1:hm_rtc_set_time	11
../Core/Inc/code_base/homosep_master/homosep_master.c:83:1:hm_rtc_get_time	1
../Core/Inc/code_base/homosep_master/homosep_master.c:90:1:hm_rtc_print_time	3
../Core/Inc/code_base/homosep_master/homosep_master.c:108:1:hm_rtc_force_reset	1
../Core/Inc/code_base/homosep_master/homosep_master.c:120:1:hm_init	6
../Core/Inc/code_base/homosep_master/homosep_master.c:233:1:hm_frame	3
../Core/Inc/code_base/homosep_master/homosep_master.c:251:1:HAL_TIM_PeriodElapsedCallback	3
../Core/Src/main.c:100:5:main	1
../Core/Src/main.c:160:6:SystemClock_Config	3
../Core/Src/main.c:208:13:MX_ADC1_Init	3
../Core/Src/main.c:260:13:MX_QUADSPI_Init	2
../Core/Src/main.c:295:13:MX_RTC_Init	2
../Core/Src/main.c:340:13:MX_SPI1_Init	2
../Core/Src/main.c:378:13:MX_TIM3_Init	4
../Core/Src/main.c:423:13:MX_TIM5_Init	4
../Core/Src/main.c:468:13:MX_TIM7_Init	2
../Core/Src/main.c:498:13:MX_TIM9_Init	3
../Core/Src/main.c:536:13:MX_USART1_UART_Init	2
../Core/Src/main.c:569:13:MX_USART6_UART_Init	2
../Core/Src/main.c:600:13:MX_DMA_Init	1
../Core/Src/main.c:621:13:MX_GPIO_Init	1
../Core/Src/main.c:763:6:Error_Handler	1
