../Core/Inc/code_base/homosep_master/../base/base_arena.h:24:1:arena_alloc	24	static
../Core/Inc/code_base/homosep_master/../base/base_arena.h:34:1:arena_release	16	static
../Core/Inc/code_base/homosep_master/../base/base_arena.h:40:1:arena_push	24	static
../Core/Inc/code_base/homosep_master/../base/base_arena.h:49:1:arena_pop_to	16	static
../Core/Inc/code_base/homosep_master/../base/base_arena.h:56:1:temp_begin	24	static
../Core/Inc/code_base/homosep_master/../base/base_arena.h:63:1:temp_end	16	static
../Core/Inc/code_base/homosep_master/../base/base_math.h:6:1:sdbm_checksum	24	static
../Core/Inc/code_base/homosep_master/../base/base_math.h:28:1:rng2f32	48	static
../Core/Inc/code_base/homosep_master/../base/base_math.h:35:1:clamp_rng2f32	32	static
../Core/Inc/code_base/homosep_master/../os/stm32/os_stm32_core.h:16:1:os_gpio_init	24	static
../Core/Inc/code_base/homosep_master/../os/stm32/os_stm32_core.h:24:1:os_gpio_write	16	static
../Core/Inc/code_base/homosep_master/../os/stm32/os_stm32_core.h:30:1:os_gpio_read	24	static
../Core/Inc/code_base/homosep_master/../os/stm32/os_stm32_core.h:116:1:os_timer_start	16	static
../Core/Inc/code_base/homosep_master/../os/stm32/os_stm32_core.h:158:1:os_timer_it_init	24	static
../Core/Inc/code_base/homosep_master/../os/stm32/os_stm32_core.h:179:1:os_timer_it_handle	16	static
../Core/Inc/code_base/homosep_master/../os/stm32/os_stm32_core.h:194:1:os_uart_init	24	static
../Core/Inc/code_base/homosep_master/../os/stm32/os_stm32_core.h:202:1:os_uart_send	32	static
../Core/Inc/code_base/homosep_master/../os/stm32/os_stm32_core.h:209:1:os_uart_receive	24	static
../Core/Inc/code_base/homosep_master/../os/stm32/os_stm32_core.h:222:1:os_uart_receive_to_idle_dma	24	static
../Core/Inc/code_base/homosep_master/../os/stm32/os_stm32_core.h:342:1:os_rtc_init	16	static
../Core/Inc/code_base/homosep_master/../os/stm32/os_stm32_core.h:349:1:os_rtc_set_time	40	static
../Core/Inc/code_base/homosep_master/../os/stm32/os_stm32_core.h:365:1:os_rtc_get_time	48	static
../Core/Inc/code_base/homosep_master/../os/stm32/os_stm32_core.h:381:1:os_rtc_set_date	24	static
../Core/Inc/code_base/homosep_master/../os/stm32/os_stm32_core.h:398:1:os_rtc_get_date	32	static
../Core/Inc/code_base/homosep_master/../os/stm32/os_stm32_core.h:448:1:os_rtc_backup_write	24	static
../Core/Inc/code_base/homosep_master/../os/stm32/os_stm32_core.h:456:1:os_rtc_backup_read	16	static
../Core/Inc/code_base/homosep_master/../os/stm32/os_stm32_core.h:464:1:os_rtc_clear_backup	16	static
../Core/Inc/code_base/homosep_master/../control_system/pid.h:46:1:pid_gains_init	32	static
../Core/Inc/code_base/homosep_master/../control_system/pid.h:57:1:pid_zn_gains_init	32	static
../Core/Inc/code_base/homosep_master/../control_system/pid.h:65:1:pid_update_gains	16	static
../Core/Inc/code_base/homosep_master/../control_system/pid.h:71:1:pid_init	40	static
../Core/Inc/code_base/homosep_master/../control_system/pid.h:84:1:pid_reset	16	static
../Core/Inc/code_base/homosep_master/homosep_master.c:43:1:hm_rtc_set_time	168	static
../Core/Inc/code_base/homosep_master/homosep_master.c:83:1:hm_rtc_get_time	24	static
../Core/Inc/code_base/homosep_master/homosep_master.c:90:1:hm_rtc_print_time	112	static
../Core/Inc/code_base/homosep_master/homosep_master.c:108:1:hm_rtc_force_reset	48	static
../Core/Inc/code_base/homosep_master/homosep_master.c:120:1:hm_init	152	static
../Core/Inc/code_base/homosep_master/homosep_master.c:233:1:hm_frame	8	static
../Core/Inc/code_base/homosep_master/homosep_master.c:251:1:HAL_TIM_PeriodElapsedCallback	24	static
../Core/Src/main.c:100:5:main	8	static
../Core/Src/main.c:160:6:SystemClock_Config	88	static
../Core/Src/main.c:208:13:MX_ADC1_Init	24	static
../Core/Src/main.c:260:13:MX_QUADSPI_Init	8	static
../Core/Src/main.c:295:13:MX_RTC_Init	32	static
../Core/Src/main.c:340:13:MX_SPI1_Init	8	static
../Core/Src/main.c:378:13:MX_TIM3_Init	32	static
../Core/Src/main.c:423:13:MX_TIM5_Init	32	static
../Core/Src/main.c:468:13:MX_TIM7_Init	8	static
../Core/Src/main.c:498:13:MX_TIM9_Init	24	static
../Core/Src/main.c:536:13:MX_USART1_UART_Init	8	static
../Core/Src/main.c:569:13:MX_USART6_UART_Init	8	static
../Core/Src/main.c:600:13:MX_DMA_Init	16	static
../Core/Src/main.c:621:13:MX_GPIO_Init	64	static
../Core/Src/main.c:763:6:Error_Handler	4	static,ignoring_inline_asm
